npm warn deprecated stream-to-promise@2.2.0: Deprecated. Use node:stream/promises and node:stream/consumers instead.
npm warn deprecated tar@7.5.7: Old versions of tar are not supported, and contain widely publicized security vulnerabilities, which have been fixed in the current version. Please update. Support for old versions may be purchased (at exorbitant rates) by contacting i@izs.me
Vercel CLI 59.11.7 (Node.js 22.22.3)
Error: Please specify a valid subcommand: ls | add | rm | pull | run | update

  ▲ vercel env command

  Interact with Environment Variables for a Project                             

  Commands:

  add     name [environment]          Add an Environment Variable         
  list    [environment] [git-branch]  List all Environment Variables for a
                                      Project                             
  pull    [filename]                  Pull all Development Environment    
                                      Variables from the cloud and write  
                                      to a file [.env.local]              
  remove  name [environment]          Remove an Environment Variable (see 
                                      examples below)                     
  run     command                     Run a command with environment      
                                      variables from the linked Vercel    
                                      project                             
  update  name [environment]          Update the value of an existing     
                                      Environment Variable (see examples  
                                      below)                              


  Global Options:

       --cwd <DIR>            Sets the current working directory for a single   
                              run of a command                                  
  -d,  --debug                Debug mode (default off)                          
  -Q,  --global-config <DIR>  Path to the global `.vercel` directory            
  -h,  --help                 Output usage information                          
  -A,  --local-config <FILE>  Path to the local `vercel.json` file              
       --no-color             No color mode (default off)                       
       --non-interactive      Run without interactive prompts; when an agent is 
                              detected this is the default                      
  -S,  --scope                Set a custom scope                                
  -t,  --token <TOKEN>        Login token                                       
  -v,  --version              Output the version number                         


  Examples:

  - Run a command with Environment Variables from the linked Project

    $ vercel env run -- <command>

  - Add one variable to multiple Environments

    $ vercel env add API_URL production,preview,development

